Archive member included to satisfy reference by file (symbol)

/usr/lib/gcc/arm-none-eabi/13.2.1/../../../arm-none-eabi/lib/thumb/v7-m/nofp/libg.a(libc_a-init.o)
                              build/CMSIS/startup_stm32f103xb.o (__libc_init_array)

Discarded input sections

 .text          0x00000000        0x0 build/src/main.o
 .data          0x00000000        0x0 build/src/main.o
 .bss           0x00000000        0x0 build/src/main.o
 .text          0x00000000        0x0 build/CMSIS/syscalls.o
 .data          0x00000000        0x0 build/CMSIS/syscalls.o
 .bss           0x00000000        0x0 build/CMSIS/syscalls.o
 .text._exit    0x00000000        0xc build/CMSIS/syscalls.o
 .text._close   0x00000000       0x16 build/CMSIS/syscalls.o
 .text._fstat   0x00000000       0x1e build/CMSIS/syscalls.o
 .text._isatty  0x00000000       0x14 build/CMSIS/syscalls.o
 .text._lseek   0x00000000       0x18 build/CMSIS/syscalls.o
 .text._read    0x00000000       0x18 build/CMSIS/syscalls.o
 .text._write   0x00000000       0x18 build/CMSIS/syscalls.o
 .text          0x00000000        0x0 build/CMSIS/system_stm32f1xx.o
 .data          0x00000000        0x0 build/CMSIS/system_stm32f1xx.o
 .bss           0x00000000        0x0 build/CMSIS/system_stm32f1xx.o
 .rodata.AHBPrescTable
                0x00000000       0x10 build/CMSIS/system_stm32f1xx.o
 .rodata.APBPrescTable
                0x00000000        0x8 build/CMSIS/system_stm32f1xx.o
 .text.SystemCoreClockUpdate
                0x00000000       0xe4 build/CMSIS/system_stm32f1xx.o
 .text          0x00000000       0x14 build/CMSIS/startup_stm32f103xb.o
 .data          0x00000000        0x0 build/CMSIS/startup_stm32f103xb.o
 .bss           0x00000000        0x0 build/CMSIS/startup_stm32f103xb.o
 .data          0x00000000        0x0 /usr/lib/gcc/arm-none-eabi/13.2.1/../../../arm-none-eabi/lib/thumb/v7-m/nofp/libg.a(libc_a-init.o)
 .bss           0x00000000        0x0 /usr/lib/gcc/arm-none-eabi/13.2.1/../../../arm-none-eabi/lib/thumb/v7-m/nofp/libg.a(libc_a-init.o)

Memory Configuration

Name             Origin             Length             Attributes
FLASH            0x08000000         0x00020000         xr
RAM              0x20000000         0x00005000         xrw
*default*        0x00000000         0xffffffff

Linker script and memory map

LOAD build/src/main.o
LOAD build/CMSIS/syscalls.o
LOAD build/CMSIS/system_stm32f1xx.o
LOAD build/CMSIS/startup_stm32f103xb.o
START GROUP
LOAD /usr/lib/gcc/arm-none-eabi/13.2.1/thumb/v7-m/nofp/libgcc.a
LOAD /usr/lib/gcc/arm-none-eabi/13.2.1/../../../arm-none-eabi/lib/thumb/v7-m/nofp/libg.a
LOAD /usr/lib/gcc/arm-none-eabi/13.2.1/../../../arm-none-eabi/lib/thumb/v7-m/nofp/libc.a
END GROUP
                0x20004fff                        _estack = 0x20004fff
                0x00000200                        _Min_Heap_Size = 0x200
                0x00000400                        _Min_Stack_Size = 0x400

.isr_vector     0x08000000      0x10c
                0x08000000                        . = ALIGN (0x4)
 *(.isr_vector)
 .isr_vector    0x08000000      0x10c build/CMSIS/startup_stm32f103xb.o
                0x08000000                g_pfnVectors
                0x0800010c                        . = ALIGN (0x4)

.text           0x0800010c      0x3ac
                0x0800010c                        . = ALIGN (0x4)
 *(.text)
 .text          0x0800010c       0x50 /usr/lib/gcc/arm-none-eabi/13.2.1/../../../arm-none-eabi/lib/thumb/v7-m/nofp/libg.a(libc_a-init.o)
                0x0800010c                __libc_init_array
 *(.text*)
 .text.__NVIC_EnableIRQ
                0x0800015c       0x38 build/src/main.o
 .text.__NVIC_SetPriority
                0x08000194       0x54 build/src/main.o
 .text.main     0x080001e8       0x14 build/src/main.o
                0x080001e8                main
 .text.ADC1_Init_Timer_Trigger
                0x080001fc       0xf4 build/src/main.o
                0x080001fc                ADC1_Init_Timer_Trigger
 .text.TIM2_Init
                0x080002f0       0x70 build/src/main.o
                0x080002f0                TIM2_Init
 .text.ADC1_2_IRQHandler
                0x08000360       0x2c build/src/main.o
                0x08000360                ADC1_2_IRQHandler
 .text._init    0x0800038c        0xc build/CMSIS/syscalls.o
                0x0800038c                _init
 .text.SystemInit
                0x08000398       0xd4 build/CMSIS/system_stm32f1xx.o
                0x08000398                SystemInit
 .text.Reset_Handler
                0x0800046c       0x48 build/CMSIS/startup_stm32f103xb.o
                0x0800046c                Reset_Handler
 .text.Default_Handler
                0x080004b4        0x2 build/CMSIS/startup_stm32f103xb.o
                0x080004b4                RTC_Alarm_IRQHandler
                0x080004b4                EXTI2_IRQHandler
                0x080004b4                DebugMon_Handler
                0x080004b4                TIM1_CC_IRQHandler
                0x080004b4                HardFault_Handler
                0x080004b4                SysTick_Handler
                0x080004b4                PVD_IRQHandler
                0x080004b4                PendSV_Handler
                0x080004b4                NMI_Handler
                0x080004b4                EXTI3_IRQHandler
                0x080004b4                EXTI0_IRQHandler
                0x080004b4                I2C2_EV_IRQHandler
                0x080004b4                UsageFault_Handler
                0x080004b4                SPI1_IRQHandler
                0x080004b4                TAMPER_IRQHandler
                0x080004b4                DMA1_Channel4_IRQHandler
                0x080004b4                USART3_IRQHandler
                0x080004b4                RTC_IRQHandler
                0x080004b4                DMA1_Channel7_IRQHandler
                0x080004b4                CAN1_RX1_IRQHandler
                0x080004b4                TIM4_IRQHandler
                0x080004b4                I2C1_EV_IRQHandler
                0x080004b4                DMA1_Channel6_IRQHandler
                0x080004b4                TIM3_IRQHandler
                0x080004b4                RCC_IRQHandler
                0x080004b4                TIM1_TRG_COM_IRQHandler
                0x080004b4                DMA1_Channel1_IRQHandler
                0x080004b4                Default_Handler
                0x080004b4                EXTI15_10_IRQHandler
                0x080004b4                EXTI9_5_IRQHandler
                0x080004b4                SPI2_IRQHandler
                0x080004b4                MemManage_Handler
                0x080004b4                SVC_Handler
                0x080004b4                DMA1_Channel5_IRQHandler
                0x080004b4                EXTI4_IRQHandler
                0x080004b4                USB_LP_CAN1_RX0_IRQHandler
                0x080004b4                USB_HP_CAN1_TX_IRQHandler
                0x080004b4                DMA1_Channel3_IRQHandler
                0x080004b4                TIM1_UP_IRQHandler
                0x080004b4                WWDG_IRQHandler
                0x080004b4                TIM2_IRQHandler
                0x080004b4                TIM1_BRK_IRQHandler
                0x080004b4                EXTI1_IRQHandler
                0x080004b4                USART2_IRQHandler
                0x080004b4                I2C2_ER_IRQHandler
                0x080004b4                DMA1_Channel2_IRQHandler
                0x080004b4                CAN1_SCE_IRQHandler
                0x080004b4                FLASH_IRQHandler
                0x080004b4                BusFault_Handler
                0x080004b4                USART1_IRQHandler
                0x080004b4                I2C1_ER_IRQHandler
                0x080004b4                USBWakeUp_IRQHandler
 *(.glue_7)
 .glue_7        0x080004b6        0x0 linker stubs
 *(.glue_7t)
 .glue_7t       0x080004b6        0x0 linker stubs
 *(.eh_frame)
 *(.init)
 *(.fini)
                0x080004b8                        . = ALIGN (0x4)
 *fill*         0x080004b6        0x2 
                0x080004b8                        _etext = .

.vfp11_veneer   0x080004b8        0x0
 .vfp11_veneer  0x080004b8        0x0 linker stubs

.v4_bx          0x080004b8        0x0
 .v4_bx         0x080004b8        0x0 linker stubs

.iplt           0x080004b8        0x0
 .iplt          0x080004b8        0x0 build/src/main.o

.rel.dyn        0x080004b8        0x0
 .rel.iplt      0x080004b8        0x0 build/src/main.o

.rodata         0x080004b8        0x0
                0x080004b8                        . = ALIGN (0x4)
 *(.rodata)
 *(.rodata*)
                0x080004b8                        . = ALIGN (0x4)

.ARM.extab
 *(.ARM.extab* .gnu.linkonce.armextab.*)

.ARM            0x080004b8        0x0
                0x080004b8                        __exidx_start = .
 *(.ARM.exidx*)
                0x080004b8                        __exidx_end = .

.preinit_array  0x080004b8        0x0
                0x080004b8                        PROVIDE (__preinit_array_start = .)
 *(.preinit_array*)
                0x080004b8                        PROVIDE (__preinit_array_end = .)

.init_array     0x080004b8        0x0
                0x080004b8                        PROVIDE (__init_array_start = .)
 *(SORT_BY_NAME(.init_array.*))
 *(.init_array*)
                0x080004b8                        PROVIDE (__init_array_end = .)

.fini_array     0x080004b8        0x0
                [!provide]                        PROVIDE (__fini_array_start = .)
 *(SORT_BY_NAME(.fini_array.*))
 *(.fini_array*)
                [!provide]                        PROVIDE (__fini_array_end = .)
                0x080004b8                        _sidata = LOADADDR (.data)

.data           0x20000000        0x4 load address 0x080004b8
                0x20000000                        . = ALIGN (0x4)
                0x20000000                        _sdata = .
 *(.data)
 *(.data*)
 .data.SystemCoreClock
                0x20000000        0x4 build/CMSIS/system_stm32f1xx.o
                0x20000000                SystemCoreClock
                0x20000004                        . = ALIGN (0x4)
                0x20000004                        _edata = .

.igot.plt       0x20000004        0x0 load address 0x080004bc
 .igot.plt      0x20000004        0x0 build/src/main.o
                0x20000004                        . = ALIGN (0x4)

.bss            0x20000004        0x4 load address 0x080004bc
                0x20000004                        _sbss = .
                0x20000004                        __bss_start__ = _sbss
 *(.bss)
 *(.bss*)
 .bss.adc_value
                0x20000004        0x2 build/src/main.o
                0x20000004                adc_value
 *(COMMON)
                0x20000008                        . = ALIGN (0x4)
 *fill*         0x20000006        0x2 
                0x20000008                        _ebss = .
                0x20000008                        __bss_end__ = _ebss

._user_heap_stack
                0x20000008      0x600 load address 0x080004bc
                0x20000008                        . = ALIGN (0x8)
                [!provide]                        PROVIDE (end = .)
                [!provide]                        PROVIDE (_end = .)
                0x20000208                        . = (. + _Min_Heap_Size)
 *fill*         0x20000008      0x200 
                0x20000608                        . = (. + _Min_Stack_Size)
 *fill*         0x20000208      0x400 
                0x20000608                        . = ALIGN (0x8)

/DISCARD/
 libc.a(*)
 libm.a(*)
 libgcc.a(*)

.ARM.attributes
                0x00000000       0x2b
 *(.ARM.attributes)
 .ARM.attributes
                0x00000000       0x2d build/src/main.o
 .ARM.attributes
                0x0000002d       0x2d build/CMSIS/syscalls.o
 .ARM.attributes
                0x0000005a       0x2d build/CMSIS/system_stm32f1xx.o
 .ARM.attributes
                0x00000087       0x21 build/CMSIS/startup_stm32f103xb.o
 .ARM.attributes
                0x000000a8       0x2d /usr/lib/gcc/arm-none-eabi/13.2.1/../../../arm-none-eabi/lib/thumb/v7-m/nofp/libg.a(libc_a-init.o)
OUTPUT(build/app.elf elf32-littlearm)
LOAD linker stubs
LOAD /usr/lib/gcc/arm-none-eabi/13.2.1/../../../arm-none-eabi/lib/thumb/v7-m/nofp/libc.a
LOAD /usr/lib/gcc/arm-none-eabi/13.2.1/../../../arm-none-eabi/lib/thumb/v7-m/nofp/libm.a
LOAD /usr/lib/gcc/arm-none-eabi/13.2.1/thumb/v7-m/nofp/libgcc.a

.debug_info     0x00000000     0x10b3
 .debug_info    0x00000000      0x8fe build/src/main.o
 .debug_info    0x000008fe      0x405 build/CMSIS/syscalls.o
 .debug_info    0x00000d03      0x275 build/CMSIS/system_stm32f1xx.o
 .debug_info    0x00000f78       0x30 build/CMSIS/startup_stm32f103xb.o
 .debug_info    0x00000fa8      0x10b /usr/lib/gcc/arm-none-eabi/13.2.1/../../../arm-none-eabi/lib/thumb/v7-m/nofp/libg.a(libc_a-init.o)

.debug_abbrev   0x00000000      0x50b
 .debug_abbrev  0x00000000      0x1ea build/src/main.o
 .debug_abbrev  0x000001ea       0xf0 build/CMSIS/syscalls.o
 .debug_abbrev  0x000002da      0x144 build/CMSIS/system_stm32f1xx.o
 .debug_abbrev  0x0000041e       0x24 build/CMSIS/startup_stm32f103xb.o
 .debug_abbrev  0x00000442       0xc9 /usr/lib/gcc/arm-none-eabi/13.2.1/../../../arm-none-eabi/lib/thumb/v7-m/nofp/libg.a(libc_a-init.o)

.debug_aranges  0x00000000      0x110
 .debug_aranges
                0x00000000       0x48 build/src/main.o
 .debug_aranges
                0x00000048       0x58 build/CMSIS/syscalls.o
 .debug_aranges
                0x000000a0       0x28 build/CMSIS/system_stm32f1xx.o
 .debug_aranges
                0x000000c8       0x28 build/CMSIS/startup_stm32f103xb.o
 .debug_aranges
                0x000000f0       0x20 /usr/lib/gcc/arm-none-eabi/13.2.1/../../../arm-none-eabi/lib/thumb/v7-m/nofp/libg.a(libc_a-init.o)

.debug_rnglists
                0x00000000       0xa3
 .debug_rnglists
                0x00000000       0x32 build/src/main.o
 .debug_rnglists
                0x00000032       0x3d build/CMSIS/syscalls.o
 .debug_rnglists
                0x0000006f       0x1b build/CMSIS/system_stm32f1xx.o
 .debug_rnglists
                0x0000008a       0x19 build/CMSIS/startup_stm32f103xb.o

.debug_line     0x00000000      0x70d
 .debug_line    0x00000000      0x231 build/src/main.o
 .debug_line    0x00000231      0x16a build/CMSIS/syscalls.o
 .debug_line    0x0000039b      0x1dc build/CMSIS/system_stm32f1xx.o
 .debug_line    0x00000577       0x78 build/CMSIS/startup_stm32f103xb.o
 .debug_line    0x000005ef      0x11e /usr/lib/gcc/arm-none-eabi/13.2.1/../../../arm-none-eabi/lib/thumb/v7-m/nofp/libg.a(libc_a-init.o)

.debug_str      0x00000000      0x9d8
 .debug_str     0x00000000      0x9d8 build/src/main.o
                                0x6ab (size before relaxing)
 .debug_str     0x000009d8      0x304 build/CMSIS/syscalls.o
 .debug_str     0x000009d8      0x24b build/CMSIS/system_stm32f1xx.o
 .debug_str     0x000009d8       0x8b build/CMSIS/startup_stm32f103xb.o
 .debug_str     0x000009d8      0x1ed /usr/lib/gcc/arm-none-eabi/13.2.1/../../../arm-none-eabi/lib/thumb/v7-m/nofp/libg.a(libc_a-init.o)

.comment        0x00000000       0x26
 .comment       0x00000000       0x26 build/src/main.o
                                 0x27 (size before relaxing)
 .comment       0x00000026       0x27 build/CMSIS/syscalls.o
 .comment       0x00000026       0x27 build/CMSIS/system_stm32f1xx.o
 .comment       0x00000026       0x27 /usr/lib/gcc/arm-none-eabi/13.2.1/../../../arm-none-eabi/lib/thumb/v7-m/nofp/libg.a(libc_a-init.o)

.debug_frame    0x00000000      0x298
 .debug_frame   0x00000000       0xd8 build/src/main.o
 .debug_frame   0x000000d8      0x13c build/CMSIS/syscalls.o
 .debug_frame   0x00000214       0x58 build/CMSIS/system_stm32f1xx.o
 .debug_frame   0x0000026c       0x2c /usr/lib/gcc/arm-none-eabi/13.2.1/../../../arm-none-eabi/lib/thumb/v7-m/nofp/libg.a(libc_a-init.o)

.debug_line_str
                0x00000000       0x71
 .debug_line_str
                0x00000000       0x71 build/CMSIS/startup_stm32f103xb.o

.debug_loclists
                0x00000000       0x65
 .debug_loclists
                0x00000000       0x65 /usr/lib/gcc/arm-none-eabi/13.2.1/../../../arm-none-eabi/lib/thumb/v7-m/nofp/libg.a(libc_a-init.o)
